// Jest Snapshot v1, https://goo.gl/fbAQLP

exports[`CalculatorPage Renders correctly 1`] = `
<div
  className="flex side-padding calc-container"
>
  <h2>
    Let's do some math!
  </h2>
  <div>
    <div
      className="flex calculator display"
    >
      0
    </div>
    <div>
      <div
        className="flex calculator"
      >
        <button
          className="btn-normal"
          onClick={[Function]}
          style={
            Object {
              "backgroundColor": "orange",
              "width": "25%",
            }
          }
          type="button"
        >
          AC
        </button>
        <button
          className="btn-normal"
          onClick={[Function]}
          style={
            Object {
              "backgroundColor": "orange",
              "width": "25%",
            }
          }
          type="button"
        >
          +/-
        </button>
        <button
          className="btn-normal"
          onClick={[Function]}
          style={
            Object {
              "backgroundColor": "orange",
              "width": "25%",
            }
          }
          type="button"
        >
          %
        </button>
        <button
          className="btn-normal"
          onClick={[Function]}
          style={
            Object {
              "backgroundColor": "orange",
              "width": "25%",
            }
          }
          type="button"
        >
          /
        </button>
      </div>
      <div
        className="flex calculator"
      >
        <button
          className="btn-normal"
          onClick={[Function]}
          style={
            Object {
              "backgroundColor": "orange",
              "width": "25%",
            }
          }
          type="button"
        >
          7
        </button>
        <button
          className="btn-normal"
          onClick={[Function]}
          style={
            Object {
              "backgroundColor": "orange",
              "width": "25%",
            }
          }
          type="button"
        >
          8
        </button>
        <button
          className="btn-normal"
          onClick={[Function]}
          style={
            Object {
              "backgroundColor": "orange",
              "width": "25%",
            }
          }
          type="button"
        >
          9
        </button>
        <button
          className="btn-normal"
          onClick={[Function]}
          style={
            Object {
              "backgroundColor": "orange",
              "width": "25%",
            }
          }
          type="button"
        >
          x
        </button>
      </div>
      <div
        className="flex calculator"
      >
        <button
          className="btn-normal"
          onClick={[Function]}
          style={
            Object {
              "backgroundColor": "orange",
              "width": "25%",
            }
          }
          type="button"
        >
          4
        </button>
        <button
          className="btn-normal"
          onClick={[Function]}
          style={
            Object {
              "backgroundColor": "orange",
              "width": "25%",
            }
          }
          type="button"
        >
          5
        </button>
        <button
          className="btn-normal"
          onClick={[Function]}
          style={
            Object {
              "backgroundColor": "orange",
              "width": "25%",
            }
          }
          type="button"
        >
          6
        </button>
        <button
          className="btn-normal"
          onClick={[Function]}
          style={
            Object {
              "backgroundColor": "orange",
              "width": "25%",
            }
          }
          type="button"
        >
          -
        </button>
      </div>
      <div
        className="flex calculator"
      >
        <button
          className="btn-normal"
          onClick={[Function]}
          style={
            Object {
              "backgroundColor": "orange",
              "width": "25%",
            }
          }
          type="button"
        >
          1
        </button>
        <button
          className="btn-normal"
          onClick={[Function]}
          style={
            Object {
              "backgroundColor": "orange",
              "width": "25%",
            }
          }
          type="button"
        >
          2
        </button>
        <button
          className="btn-normal"
          onClick={[Function]}
          style={
            Object {
              "backgroundColor": "orange",
              "width": "25%",
            }
          }
          type="button"
        >
          3
        </button>
        <button
          className="btn-normal"
          onClick={[Function]}
          style={
            Object {
              "backgroundColor": "orange",
              "width": "25%",
            }
          }
          type="button"
        >
          +
        </button>
      </div>
      <div
        className="flex calculator"
      >
        <button
          className="btn-normal"
          onClick={[Function]}
          style={
            Object {
              "backgroundColor": "orange",
              "width": "50%",
            }
          }
          type="button"
        >
          0
        </button>
        <button
          className="btn-normal"
          onClick={[Function]}
          style={
            Object {
              "backgroundColor": "orange",
              "width": "25%",
            }
          }
          type="button"
        >
          .
        </button>
        <button
          className="btn-normal"
          onClick={[Function]}
          style={
            Object {
              "backgroundColor": "orange",
              "width": "25%",
            }
          }
          type="button"
        >
          =
        </button>
      </div>
    </div>
  </div>
</div>
`;
