// Jest Snapshot v1, https://goo.gl/fbAQLP

exports[`QuotePage renders correctly 1`] = `
<div
  className="side-padding home-container"
>
  <p>
    What did the triangle say to the circle?
    <strong>
       “You’re pointless.”
    </strong>
  </p>
</div>
`;
